2026-03-23T09:57:04.334+05:30  INFO 16660 --- [user-service] [main] c.e.user_service.UserServiceApplication  : Starting UserServiceApplication using Java 21.0.9 with PID 16660 (C:\Users\170529\Documents\workspace-spring-tools-for-eclipse-4.32.2.RELEASE\user-service\target\classes started by 170529 in C:\Users\170529\Documents\workspace-spring-tools-for-eclipse-4.32.2.RELEASE\user-service)
2026-03-23T09:57:04.380+05:30  INFO 16660 --- [user-service] [main] c.e.user_service.UserServiceApplication  : No active profile set, falling back to 1 default profile: "default"
2026-03-23T09:57:20.533+05:30  INFO 16660 --- [user-service] [main] .s.d.r.c.RepositoryConfigurationDelegate : Bootstrapping Spring Data JPA repositories in DEFAULT mode.
2026-03-23T09:57:21.507+05:30  INFO 16660 --- [user-service] [main] .s.d.r.c.RepositoryConfigurationDelegate : Finished Spring Data repository scanning in 947 ms. Found 4 JPA repository interfaces.
2026-03-23T09:57:22.857+05:30  INFO 16660 --- [user-service] [main] o.s.cloud.context.scope.GenericScope     : BeanFactory id=28d6215a-ed40-3b53-a0fb-7eb293c36c30
2026-03-23T09:57:25.234+05:30  WARN 16660 --- [user-service] [main] trationDelegate$BeanPostProcessorChecker : Bean 'org.springframework.cloud.client.loadbalancer.LoadBalancerAutoConfiguration$LoadBalancerInterceptorConfig' of type [org.springframework.cloud.client.loadbalancer.LoadBalancerAutoConfiguration$LoadBalancerInterceptorConfig] is not eligible for getting processed by all BeanPostProcessors (for example: not eligible for auto-proxying). The currently created BeanPostProcessor [lbRestClientPostProcessor] is declared through a non-static factory method on that class; consider declaring it as static instead.
2026-03-23T09:57:25.244+05:30  WARN 16660 --- [user-service] [main] trationDelegate$BeanPostProcessorChecker : Bean 'org.springframework.cloud.loadbalancer.config.BlockingLoadBalancerClientAutoConfiguration' of type [org.springframework.cloud.loadbalancer.config.BlockingLoadBalancerClientAutoConfiguration] is not eligible for getting processed by all BeanPostProcessors (for example: not eligible for auto-proxying). Is this bean getting eagerly injected into a currently created BeanPostProcessor [lbRestClientPostProcessor]? Check the corresponding BeanPostProcessor declaration and its dependencies.
2026-03-23T09:57:25.251+05:30  WARN 16660 --- [user-service] [main] trationDelegate$BeanPostProcessorChecker : Bean 'org.springframework.cloud.loadbalancer.config.LoadBalancerAutoConfiguration' of type [org.springframework.cloud.loadbalancer.config.LoadBalancerAutoConfiguration] is not eligible for getting processed by all BeanPostProcessors (for example: not eligible for auto-proxying). Is this bean getting eagerly injected into a currently created BeanPostProcessor [lbRestClientPostProcessor]? Check the corresponding BeanPostProcessor declaration and its dependencies.
2026-03-23T09:57:25.375+05:30  WARN 16660 --- [user-service] [main] trationDelegate$BeanPostProcessorChecker : Bean 'org.springframework.cloud.commons.config.CommonsConfigAutoConfiguration' of type [org.springframework.cloud.commons.config.CommonsConfigAutoConfiguration] is not eligible for getting processed by all BeanPostProcessors (for example: not eligible for auto-proxying). Is this bean getting eagerly injected into a currently created BeanPostProcessor [lbRestClientPostProcessor]? Check the corresponding BeanPostProcessor declaration and its dependencies.
2026-03-23T09:57:25.382+05:30  WARN 16660 --- [user-service] [main] trationDelegate$BeanPostProcessorChecker : Bean 'org.springframework.cloud.client.loadbalancer.LoadBalancerDefaultMappingsProviderAutoConfiguration' of type [org.springframework.cloud.client.loadbalancer.LoadBalancerDefaultMappingsProviderAutoConfiguration] is not eligible for getting processed by all BeanPostProcessors (for example: not eligible for auto-proxying). Is this bean getting eagerly injected into a currently created BeanPostProcessor [lbRestClientPostProcessor]? Check the corresponding BeanPostProcessor declaration and its dependencies.
2026-03-23T09:57:25.387+05:30  WARN 16660 --- [user-service] [main] trationDelegate$BeanPostProcessorChecker : Bean 'loadBalancerClientsDefaultsMappingsProvider' of type [org.springframework.cloud.client.loadbalancer.LoadBalancerDefaultMappingsProviderAutoConfiguration$$Lambda/0x0000023cb954bdc0] is not eligible for getting processed by all BeanPostProcessors (for example: not eligible for auto-proxying). Is this bean getting eagerly injected into a currently created BeanPostProcessor [lbRestClientPostProcessor]? Check the corresponding BeanPostProcessor declaration and its dependencies.
2026-03-23T09:57:25.471+05:30  WARN 16660 --- [user-service] [main] trationDelegate$BeanPostProcessorChecker : Bean 'defaultsBindHandlerAdvisor' of type [org.springframework.cloud.commons.config.DefaultsBindHandlerAdvisor] is not eligible for getting processed by all BeanPostProcessors (for example: not eligible for auto-proxying). Is this bean getting eagerly injected into a currently created BeanPostProcessor [lbRestClientPostProcessor]? Check the corresponding BeanPostProcessor declaration and its dependencies.
2026-03-23T09:57:25.490+05:30  WARN 16660 --- [user-service] [main] trationDelegate$BeanPostProcessorChecker : Bean 'spring.cloud.loadbalancer-org.springframework.cloud.client.loadbalancer.LoadBalancerClientsProperties' of type [org.springframework.cloud.client.loadbalancer.LoadBalancerClientsProperties] is not eligible for getting processed by all BeanPostProcessors (for example: not eligible for auto-proxying). Is this bean getting eagerly injected into a currently created BeanPostProcessor [lbRestClientPostProcessor]? Check the corresponding BeanPostProcessor declaration and its dependencies.
2026-03-23T09:57:25.556+05:30  WARN 16660 --- [user-service] [main] trationDelegate$BeanPostProcessorChecker : Bean 'default.org.springframework.cloud.loadbalancer.config.LoadBalancerAutoConfiguration.LoadBalancerClientSpecification' of type [org.springframework.cloud.loadbalancer.annotation.LoadBalancerClientSpecification] is not eligible for getting processed by all BeanPostProcessors (for example: not eligible for auto-proxying). Is this bean getting eagerly injected into a currently created BeanPostProcessor [lbRestClientPostProcessor]? Check the corresponding BeanPostProcessor declaration and its dependencies.
2026-03-23T09:57:25.570+05:30  WARN 16660 --- [user-service] [main] trationDelegate$BeanPostProcessorChecker : Bean 'default.org.springframework.cloud.loadbalancer.config.BlockingLoadBalancerClientAutoConfiguration.LoadBalancerClientSpecification' of type [org.springframework.cloud.loadbalancer.annotation.LoadBalancerClientSpecification] is not eligible for getting processed by all BeanPostProcessors (for example: not eligible for auto-proxying). Is this bean getting eagerly injected into a currently created BeanPostProcessor [lbRestClientPostProcessor]? Check the corresponding BeanPostProcessor declaration and its dependencies.
2026-03-23T09:57:25.572+05:30  WARN 16660 --- [user-service] [main] trationDelegate$BeanPostProcessorChecker : Bean 'default.org.springframework.cloud.netflix.eureka.loadbalancer.LoadBalancerEurekaAutoConfiguration.LoadBalancerClientSpecification' of type [org.springframework.cloud.loadbalancer.annotation.LoadBalancerClientSpecification] is not eligible for getting processed by all BeanPostProcessors (for example: not eligible for auto-proxying). Is this bean getting eagerly injected into a currently created BeanPostProcessor [lbRestClientPostProcessor]? Check the corresponding BeanPostProcessor declaration and its dependencies.
2026-03-23T09:57:25.575+05:30  WARN 16660 --- [user-service] [main] trationDelegate$BeanPostProcessorChecker : Bean 'loadBalancerClientFactory' of type [org.springframework.cloud.loadbalancer.support.LoadBalancerClientFactory] is not eligible for getting processed by all BeanPostProcessors (for example: not eligible for auto-proxying). Is this bean getting eagerly injected into a currently created BeanPostProcessor [lbRestClientPostProcessor]? Check the corresponding BeanPostProcessor declaration and its dependencies.
2026-03-23T09:57:25.636+05:30  WARN 16660 --- [user-service] [main] trationDelegate$BeanPostProcessorChecker : Bean 'blockingLoadBalancerClient' of type [org.springframework.cloud.loadbalancer.blocking.client.BlockingLoadBalancerClient] is not eligible for getting processed by all BeanPostProcessors (for example: not eligible for auto-proxying). Is this bean getting eagerly injected into a currently created BeanPostProcessor [lbRestClientPostProcessor]? Check the corresponding BeanPostProcessor declaration and its dependencies.
2026-03-23T09:57:25.758+05:30  WARN 16660 --- [user-service] [main] trationDelegate$BeanPostProcessorChecker : Bean 'loadBalancerServiceInstanceCookieTransformer' of type [org.springframework.cloud.loadbalancer.core.LoadBalancerServiceInstanceCookieTransformer] is not eligible for getting processed by all BeanPostProcessors (for example: not eligible for auto-proxying). Is this bean getting eagerly injected into a currently created BeanPostProcessor [lbRestClientPostProcessor]? Check the corresponding BeanPostProcessor declaration and its dependencies.
2026-03-23T09:57:25.763+05:30  WARN 16660 --- [user-service] [main] trationDelegate$BeanPostProcessorChecker : Bean 'xForwarderHeadersTransformer' of type [org.springframework.cloud.loadbalancer.blocking.XForwardedHeadersTransformer] is not eligible for getting processed by all BeanPostProcessors (for example: not eligible for auto-proxying). Is this bean getting eagerly injected into a currently created BeanPostProcessor [lbRestClientPostProcessor]? Check the corresponding BeanPostProcessor declaration and its dependencies.
2026-03-23T09:57:25.767+05:30  WARN 16660 --- [user-service] [main] trationDelegate$BeanPostProcessorChecker : Bean 'org.springframework.cloud.client.loadbalancer.LoadBalancerAutoConfiguration' of type [org.springframework.cloud.client.loadbalancer.LoadBalancerAutoConfiguration] is not eligible for getting processed by all BeanPostProcessors (for example: not eligible for auto-proxying). Is this bean getting eagerly injected into a currently created BeanPostProcessor [lbRestClientPostProcessor]? Check the corresponding BeanPostProcessor declaration and its dependencies.
2026-03-23T09:57:25.773+05:30  WARN 16660 --- [user-service] [main] trationDelegate$BeanPostProcessorChecker : Bean 'loadBalancerRequestFactory' of type [org.springframework.cloud.client.loadbalancer.LoadBalancerRequestFactory] is not eligible for getting processed by all BeanPostProcessors (for example: not eligible for auto-proxying). Is this bean getting eagerly injected into a currently created BeanPostProcessor [lbRestClientPostProcessor]? Check the corresponding BeanPostProcessor declaration and its dependencies.
2026-03-23T09:57:25.780+05:30  WARN 16660 --- [user-service] [main] trationDelegate$BeanPostProcessorChecker : Bean 'loadBalancerInterceptor' of type [org.springframework.cloud.client.loadbalancer.LoadBalancerInterceptor] is not eligible for getting processed by all BeanPostProcessors (for example: not eligible for auto-proxying). Is this bean getting eagerly injected into a currently created BeanPostProcessor [lbRestClientPostProcessor]? Check the corresponding BeanPostProcessor declaration and its dependencies.
2026-03-23T09:57:27.606+05:30  INFO 16660 --- [user-service] [main] o.s.b.w.embedded.tomcat.TomcatWebServer  : Tomcat initialized with port 8080 (http)
2026-03-23T09:57:27.652+05:30  INFO 16660 --- [user-service] [main] o.apache.catalina.core.StandardService   : Starting service [Tomcat]
2026-03-23T09:57:27.653+05:30  INFO 16660 --- [user-service] [main] o.apache.catalina.core.StandardEngine    : Starting Servlet engine: [Apache Tomcat/10.1.16]
2026-03-23T09:57:28.204+05:30  INFO 16660 --- [user-service] [main] o.a.c.c.C.[Tomcat].[localhost].[/]       : Initializing Spring embedded WebApplicationContext
2026-03-23T09:57:28.205+05:30  INFO 16660 --- [user-service] [main] w.s.c.ServletWebServerApplicationContext : Root WebApplicationContext: initialization completed in 23379 ms
2026-03-23T09:57:37.681+05:30  INFO 16660 --- [user-service] [main] o.hibernate.jpa.internal.util.LogHelper  : HHH000204: Processing PersistenceUnitInfo [name: default]
2026-03-23T09:57:38.053+05:30  INFO 16660 --- [user-service] [main] org.hibernate.Version                    : HHH000412: Hibernate ORM core version 6.3.1.Final
2026-03-23T09:57:38.227+05:30  INFO 16660 --- [user-service] [main] o.h.c.internal.RegionFactoryInitiator    : HHH000026: Second-level cache disabled
2026-03-23T09:57:39.204+05:30  INFO 16660 --- [user-service] [main] o.s.o.j.p.SpringPersistenceUnitInfo      : No LoadTimeWeaver setup: ignoring JPA class transformer
2026-03-23T09:57:39.320+05:30  INFO 16660 --- [user-service] [main] com.zaxxer.hikari.HikariDataSource       : HikariPool-1 - Starting...
2026-03-23T09:57:40.069+05:30  INFO 16660 --- [user-service] [main] com.zaxxer.hikari.pool.HikariPool        : HikariPool-1 - Added connection com.mysql.cj.jdbc.ConnectionImpl@8c34631
2026-03-23T09:57:40.074+05:30  INFO 16660 --- [user-service] [main] com.zaxxer.hikari.HikariDataSource       : HikariPool-1 - Start completed.
2026-03-23T09:57:44.715+05:30  INFO 16660 --- [user-service] [main] o.h.e.t.j.p.i.JtaPlatformInitiator       : HHH000489: No JTA platform available (set 'hibernate.transaction.jta.platform' to enable JTA platform integration)
2026-03-23T09:57:45.004+05:30  INFO 16660 --- [user-service] [main] j.LocalContainerEntityManagerFactoryBean : Initialized JPA EntityManagerFactory for persistence unit 'default'
2026-03-23T09:57:48.774+05:30  WARN 16660 --- [user-service] [main] .s.s.UserDetailsServiceAutoConfiguration : 

Using generated security password: 02d6797f-89cb-4562-adf7-a28a554a0fef

This generated password is for development use only. Your security configuration must be updated before running your application in production.

2026-03-23T09:57:55.227+05:30  INFO 16660 --- [user-service] [main] o.s.b.a.e.web.EndpointLinksResolver      : Exposing 1 endpoint(s) beneath base path '/actuator'
2026-03-23T09:57:55.577+05:30  INFO 16660 --- [user-service] [main] o.s.s.web.DefaultSecurityFilterChain     : Will secure any request with [org.springframework.security.web.session.DisableEncodeUrlFilter@9504a58, org.springframework.security.web.context.request.async.WebAsyncManagerIntegrationFilter@c360f40, org.springframework.security.web.context.SecurityContextHolderFilter@2f24e1f3, org.springframework.security.web.header.HeaderWriterFilter@75be3cdf, org.springframework.security.web.authentication.logout.LogoutFilter@5f27d271, org.springframework.security.web.savedrequest.RequestCacheAwareFilter@23d030b1, org.springframework.security.web.servletapi.SecurityContextHolderAwareRequestFilter@2adb532c, org.springframework.security.web.authentication.AnonymousAuthenticationFilter@badf24b, org.springframework.security.web.session.SessionManagementFilter@57e351a, org.springframework.security.web.access.ExceptionTranslationFilter@2d260f2a, org.springframework.security.web.access.intercept.AuthorizationFilter@3d73f2a1]
2026-03-23T09:57:58.509+05:30  INFO 16660 --- [user-service] [main] DiscoveryClientOptionalArgsConfiguration : Eureka HTTP Client uses RestTemplate.
2026-03-23T09:57:58.873+05:30  WARN 16660 --- [user-service] [main] iguration$LoadBalancerCaffeineWarnLogger : Spring Cloud LoadBalancer is currently working with the default cache. While this cache implementation is useful for development and tests, it's recommended to use Caffeine cache in production.You can switch to using Caffeine cache, by adding it and org.springframework.cache.caffeine.CaffeineCacheManager to the classpath.
2026-03-23T09:57:59.307+05:30  INFO 16660 --- [user-service] [main] o.s.c.n.eureka.InstanceInfoFactory       : Setting initial instance status as: STARTING
2026-03-23T09:57:59.492+05:30  INFO 16660 --- [user-service] [main] com.netflix.discovery.DiscoveryClient    : Initializing Eureka in region us-east-1
2026-03-23T09:57:59.507+05:30  INFO 16660 --- [user-service] [main] c.n.d.s.r.aws.ConfigClusterResolver      : Resolving eureka endpoints via configuration
2026-03-23T09:57:59.605+05:30  INFO 16660 --- [user-service] [main] com.netflix.discovery.DiscoveryClient    : Disable delta property : false
2026-03-23T09:57:59.605+05:30  INFO 16660 --- [user-service] [main] com.netflix.discovery.DiscoveryClient    : Single vip registry refresh property : null
2026-03-23T09:57:59.606+05:30  INFO 16660 --- [user-service] [main] com.netflix.discovery.DiscoveryClient    : Force full registry fetch : false
2026-03-23T09:57:59.606+05:30  INFO 16660 --- [user-service] [main] com.netflix.discovery.DiscoveryClient    : Application is null : false
2026-03-23T09:57:59.606+05:30  INFO 16660 --- [user-service] [main] com.netflix.discovery.DiscoveryClient    : Registered Applications size is zero : true
2026-03-23T09:57:59.606+05:30  INFO 16660 --- [user-service] [main] com.netflix.discovery.DiscoveryClient    : Application version is -1: true
2026-03-23T09:57:59.614+05:30  INFO 16660 --- [user-service] [main] com.netflix.discovery.DiscoveryClient    : Getting all instance registry info from the eureka server
2026-03-23T09:58:01.067+05:30  INFO 16660 --- [user-service] [main] com.netflix.discovery.DiscoveryClient    : The response status is 200
2026-03-23T09:58:01.078+05:30  INFO 16660 --- [user-service] [main] com.netflix.discovery.DiscoveryClient    : Starting heartbeat executor: renew interval is: 30
2026-03-23T09:58:01.084+05:30  INFO 16660 --- [user-service] [main] c.n.discovery.InstanceInfoReplicator     : InstanceInfoReplicator onDemand update allowed rate per min is 4
2026-03-23T09:58:01.097+05:30  INFO 16660 --- [user-service] [main] com.netflix.discovery.DiscoveryClient    : Discovery Client initialized at timestamp 1774240081093 with initial instances count: 2
2026-03-23T09:58:01.141+05:30  INFO 16660 --- [user-service] [main] o.s.c.n.e.s.EurekaServiceRegistry        : Registering application USER-SERVICE with eureka with status UP
2026-03-23T09:58:01.142+05:30  INFO 16660 --- [user-service] [main] com.netflix.discovery.DiscoveryClient    : Saw local status change event StatusChangeEvent [timestamp=1774240081142, current=UP, previous=STARTING]
2026-03-23T09:58:01.147+05:30  INFO 16660 --- [user-service] [DiscoveryClient-InstanceInfoReplicator-0] com.netflix.discovery.DiscoveryClient    : DiscoveryClient_USER-SERVICE/81DH353.mshome.net:user-service:8080: registering service...
2026-03-23T09:58:01.217+05:30  INFO 16660 --- [user-service] [main] o.s.b.w.embedded.tomcat.TomcatWebServer  : Tomcat started on port 8080 (http) with context path ''
2026-03-23T09:58:01.219+05:30  INFO 16660 --- [user-service] [main] .s.c.n.e.s.EurekaAutoServiceRegistration : Updating port to 8080
2026-03-23T09:58:01.265+05:30  INFO 16660 --- [user-service] [DiscoveryClient-InstanceInfoReplicator-0] com.netflix.discovery.DiscoveryClient    : DiscoveryClient_USER-SERVICE/81DH353.mshome.net:user-service:8080 - registration status: 204
2026-03-23T09:58:01.434+05:30  INFO 16660 --- [user-service] [main] c.e.user_service.UserServiceApplication  : Started UserServiceApplication in 66.005 seconds (process running for 69.878)
2026-03-23T09:58:02.628+05:30  INFO 16660 --- [user-service] [RMI TCP Connection(8)-127.0.0.1] o.a.c.c.C.[Tomcat].[localhost].[/]       : Initializing Spring DispatcherServlet 'dispatcherServlet'
2026-03-23T09:58:02.630+05:30  INFO 16660 --- [user-service] [RMI TCP Connection(8)-127.0.0.1] o.s.web.servlet.DispatcherServlet        : Initializing Servlet 'dispatcherServlet'
2026-03-23T09:58:02.633+05:30  INFO 16660 --- [user-service] [RMI TCP Connection(8)-127.0.0.1] o.s.web.servlet.DispatcherServlet        : Completed initialization in 3 ms
2026-03-23T10:02:59.624+05:30  INFO 16660 --- [user-service] [AsyncResolver-bootstrap-executor-0] c.n.d.s.r.aws.ConfigClusterResolver      : Resolving eureka endpoints via configuration
2026-03-23T10:05:40.201+05:30 DEBUG 16660 --- [user-service] [http-nio-8080-exec-3] o.s.security.web.FilterChainProxy        : Securing POST /api/auth/login
2026-03-23T10:05:40.217+05:30 DEBUG 16660 --- [user-service] [http-nio-8080-exec-3] o.s.s.w.a.AnonymousAuthenticationFilter  : Set SecurityContextHolder to anonymous SecurityContext
2026-03-23T10:05:40.234+05:30  WARN 16660 --- [user-service] [http-nio-8080-exec-3] o.s.w.s.h.HandlerMappingIntrospector     : Cache miss for REQUEST dispatch to '/api/auth/login' (previous null). Performing MatchableHandlerMapping lookup. This is logged once only at WARN level, and every time at TRACE.
2026-03-23T10:05:40.255+05:30 DEBUG 16660 --- [user-service] [http-nio-8080-exec-3] o.s.security.web.FilterChainProxy        : Secured POST /api/auth/login
2026-03-23T10:05:41.451+05:30 DEBUG 16660 --- [user-service] [http-nio-8080-exec-2] o.s.security.web.FilterChainProxy        : Securing GET /api/users/admin/all-users
2026-03-23T10:05:41.453+05:30 DEBUG 16660 --- [user-service] [http-nio-8080-exec-2] o.s.s.w.a.AnonymousAuthenticationFilter  : Set SecurityContextHolder to anonymous SecurityContext
2026-03-23T10:05:41.457+05:30 DEBUG 16660 --- [user-service] [http-nio-8080-exec-2] o.s.security.web.FilterChainProxy        : Secured GET /api/users/admin/all-users
2026-03-23T10:05:41.581+05:30 DEBUG 16660 --- [user-service] [http-nio-8080-exec-6] o.s.security.web.FilterChainProxy        : Securing GET /api/users/admin/all-users
2026-03-23T10:05:41.583+05:30 DEBUG 16660 --- [user-service] [http-nio-8080-exec-6] o.s.s.w.a.AnonymousAuthenticationFilter  : Set SecurityContextHolder to anonymous SecurityContext
2026-03-23T10:05:41.587+05:30 DEBUG 16660 --- [user-service] [http-nio-8080-exec-6] o.s.security.web.FilterChainProxy        : Secured GET /api/users/admin/all-users
2026-03-23T10:06:14.453+05:30 DEBUG 16660 --- [user-service] [http-nio-8080-exec-7] o.s.security.web.FilterChainProxy        : Securing POST /api/users/logout
2026-03-23T10:06:14.453+05:30 DEBUG 16660 --- [user-service] [http-nio-8080-exec-7] o.s.s.w.a.AnonymousAuthenticationFilter  : Set SecurityContextHolder to anonymous SecurityContext
2026-03-23T10:06:14.456+05:30 DEBUG 16660 --- [user-service] [http-nio-8080-exec-7] o.s.security.web.FilterChainProxy        : Secured POST /api/users/logout
2026-03-23T10:06:29.642+05:30 DEBUG 16660 --- [user-service] [http-nio-8080-exec-10] o.s.security.web.FilterChainProxy        : Securing POST /api/auth/login
2026-03-23T10:06:29.644+05:30 DEBUG 16660 --- [user-service] [http-nio-8080-exec-10] o.s.s.w.a.AnonymousAuthenticationFilter  : Set SecurityContextHolder to anonymous SecurityContext
2026-03-23T10:06:29.646+05:30 DEBUG 16660 --- [user-service] [http-nio-8080-exec-10] o.s.security.web.FilterChainProxy        : Secured POST /api/auth/login
2026-03-23T10:06:29.872+05:30 DEBUG 16660 --- [user-service] [http-nio-8080-exec-4] o.s.security.web.FilterChainProxy        : Securing GET /api/users/31
2026-03-23T10:06:29.874+05:30 DEBUG 16660 --- [user-service] [http-nio-8080-exec-4] o.s.s.w.a.AnonymousAuthenticationFilter  : Set SecurityContextHolder to anonymous SecurityContext
2026-03-23T10:06:29.877+05:30 DEBUG 16660 --- [user-service] [http-nio-8080-exec-4] o.s.security.web.FilterChainProxy        : Secured GET /api/users/31
2026-03-23T10:06:29.936+05:30 DEBUG 16660 --- [user-service] [http-nio-8080-exec-5] o.s.security.web.FilterChainProxy        : Securing GET /api/users/31
2026-03-23T10:06:29.938+05:30 DEBUG 16660 --- [user-service] [http-nio-8080-exec-5] o.s.s.w.a.AnonymousAuthenticationFilter  : Set SecurityContextHolder to anonymous SecurityContext
2026-03-23T10:06:29.940+05:30 DEBUG 16660 --- [user-service] [http-nio-8080-exec-5] o.s.security.web.FilterChainProxy        : Secured GET /api/users/31
2026-03-23T10:06:30.128+05:30 DEBUG 16660 --- [user-service] [http-nio-8080-exec-8] o.s.security.web.FilterChainProxy        : Securing GET /api/users/31
2026-03-23T10:06:30.128+05:30 DEBUG 16660 --- [user-service] [http-nio-8080-exec-8] o.s.s.w.a.AnonymousAuthenticationFilter  : Set SecurityContextHolder to anonymous SecurityContext
2026-03-23T10:06:30.134+05:30 DEBUG 16660 --- [user-service] [http-nio-8080-exec-8] o.s.security.web.FilterChainProxy        : Secured GET /api/users/31
2026-03-23T10:06:32.237+05:30 DEBUG 16660 --- [user-service] [http-nio-8080-exec-9] o.s.security.web.FilterChainProxy        : Securing GET /api/users/32
2026-03-23T10:06:32.237+05:30 DEBUG 16660 --- [user-service] [http-nio-8080-exec-9] o.s.s.w.a.AnonymousAuthenticationFilter  : Set SecurityContextHolder to anonymous SecurityContext
2026-03-23T10:06:32.237+05:30 DEBUG 16660 --- [user-service] [http-nio-8080-exec-9] o.s.security.web.FilterChainProxy        : Secured GET /api/users/32
2026-03-23T10:07:59.634+05:30  INFO 16660 --- [user-service] [AsyncResolver-bootstrap-executor-0] c.n.d.s.r.aws.ConfigClusterResolver      : Resolving eureka endpoints via configuration
2026-03-23T10:12:59.640+05:30  INFO 16660 --- [user-service] [AsyncResolver-bootstrap-executor-0] c.n.d.s.r.aws.ConfigClusterResolver      : Resolving eureka endpoints via configuration
2026-03-23T10:17:59.662+05:30  INFO 16660 --- [user-service] [AsyncResolver-bootstrap-executor-0] c.n.d.s.r.aws.ConfigClusterResolver      : Resolving eureka endpoints via configuration
2026-03-23T10:22:59.684+05:30  INFO 16660 --- [user-service] [AsyncResolver-bootstrap-executor-0] c.n.d.s.r.aws.ConfigClusterResolver      : Resolving eureka endpoints via configuration
2026-03-23T10:25:49.430+05:30 DEBUG 16660 --- [user-service] [http-nio-8080-exec-3] o.s.security.web.FilterChainProxy        : Securing POST /api/auth/login
2026-03-23T10:25:49.430+05:30 DEBUG 16660 --- [user-service] [http-nio-8080-exec-3] o.s.s.w.a.AnonymousAuthenticationFilter  : Set SecurityContextHolder to anonymous SecurityContext
2026-03-23T10:25:49.430+05:30 DEBUG 16660 --- [user-service] [http-nio-8080-exec-3] o.s.security.web.FilterChainProxy        : Secured POST /api/auth/login
2026-03-23T10:25:49.725+05:30 DEBUG 16660 --- [user-service] [http-nio-8080-exec-2] o.s.security.web.FilterChainProxy        : Securing GET /api/users/31
2026-03-23T10:25:49.731+05:30 DEBUG 16660 --- [user-service] [http-nio-8080-exec-2] o.s.s.w.a.AnonymousAuthenticationFilter  : Set SecurityContextHolder to anonymous SecurityContext
2026-03-23T10:25:49.732+05:30 DEBUG 16660 --- [user-service] [http-nio-8080-exec-2] o.s.security.web.FilterChainProxy        : Secured GET /api/users/31
2026-03-23T10:25:49.762+05:30 DEBUG 16660 --- [user-service] [http-nio-8080-exec-6] o.s.security.web.FilterChainProxy        : Securing GET /api/users/31
2026-03-23T10:25:49.764+05:30 DEBUG 16660 --- [user-service] [http-nio-8080-exec-6] o.s.s.w.a.AnonymousAuthenticationFilter  : Set SecurityContextHolder to anonymous SecurityContext
2026-03-23T10:25:49.766+05:30 DEBUG 16660 --- [user-service] [http-nio-8080-exec-6] o.s.security.web.FilterChainProxy        : Secured GET /api/users/31
2026-03-23T10:25:49.892+05:30 DEBUG 16660 --- [user-service] [http-nio-8080-exec-7] o.s.security.web.FilterChainProxy        : Securing GET /api/users/31
2026-03-23T10:25:49.893+05:30 DEBUG 16660 --- [user-service] [http-nio-8080-exec-7] o.s.s.w.a.AnonymousAuthenticationFilter  : Set SecurityContextHolder to anonymous SecurityContext
2026-03-23T10:25:49.896+05:30 DEBUG 16660 --- [user-service] [http-nio-8080-exec-7] o.s.security.web.FilterChainProxy        : Secured GET /api/users/31
2026-03-23T10:25:51.332+05:30 DEBUG 16660 --- [user-service] [http-nio-8080-exec-10] o.s.security.web.FilterChainProxy        : Securing GET /api/users/32
2026-03-23T10:25:51.332+05:30 DEBUG 16660 --- [user-service] [http-nio-8080-exec-10] o.s.s.w.a.AnonymousAuthenticationFilter  : Set SecurityContextHolder to anonymous SecurityContext
2026-03-23T10:25:51.334+05:30 DEBUG 16660 --- [user-service] [http-nio-8080-exec-10] o.s.security.web.FilterChainProxy        : Secured GET /api/users/32
2026-03-23T10:27:59.699+05:30  INFO 16660 --- [user-service] [AsyncResolver-bootstrap-executor-0] c.n.d.s.r.aws.ConfigClusterResolver      : Resolving eureka endpoints via configuration
2026-03-23T10:32:59.706+05:30  INFO 16660 --- [user-service] [AsyncResolver-bootstrap-executor-0] c.n.d.s.r.aws.ConfigClusterResolver      : Resolving eureka endpoints via configuration
2026-03-23T10:37:59.736+05:30  INFO 16660 --- [user-service] [AsyncResolver-bootstrap-executor-0] c.n.d.s.r.aws.ConfigClusterResolver      : Resolving eureka endpoints via configuration
2026-03-23T10:42:59.764+05:30  INFO 16660 --- [user-service] [AsyncResolver-bootstrap-executor-0] c.n.d.s.r.aws.ConfigClusterResolver      : Resolving eureka endpoints via configuration
2026-03-23T10:47:59.766+05:30  INFO 16660 --- [user-service] [AsyncResolver-bootstrap-executor-0] c.n.d.s.r.aws.ConfigClusterResolver      : Resolving eureka endpoints via configuration
2026-03-23T10:52:59.781+05:30  INFO 16660 --- [user-service] [AsyncResolver-bootstrap-executor-0] c.n.d.s.r.aws.ConfigClusterResolver      : Resolving eureka endpoints via configuration
2026-03-23T10:54:44.962+05:30 DEBUG 16660 --- [user-service] [http-nio-8080-exec-5] o.s.security.web.FilterChainProxy        : Securing POST /api/auth/login
2026-03-23T10:54:44.963+05:30 DEBUG 16660 --- [user-service] [http-nio-8080-exec-5] o.s.s.w.a.AnonymousAuthenticationFilter  : Set SecurityContextHolder to anonymous SecurityContext
2026-03-23T10:54:44.965+05:30 DEBUG 16660 --- [user-service] [http-nio-8080-exec-5] o.s.security.web.FilterChainProxy        : Secured POST /api/auth/login
2026-03-23T10:54:45.249+05:30 DEBUG 16660 --- [user-service] [http-nio-8080-exec-8] o.s.security.web.FilterChainProxy        : Securing GET /api/users/31
2026-03-23T10:54:45.249+05:30 DEBUG 16660 --- [user-service] [http-nio-8080-exec-8] o.s.s.w.a.AnonymousAuthenticationFilter  : Set SecurityContextHolder to anonymous SecurityContext
2026-03-23T10:54:45.249+05:30 DEBUG 16660 --- [user-service] [http-nio-8080-exec-8] o.s.security.web.FilterChainProxy        : Secured GET /api/users/31
2026-03-23T10:54:45.376+05:30 DEBUG 16660 --- [user-service] [http-nio-8080-exec-9] o.s.security.web.FilterChainProxy        : Securing GET /api/users/31
2026-03-23T10:54:45.376+05:30 DEBUG 16660 --- [user-service] [http-nio-8080-exec-9] o.s.s.w.a.AnonymousAuthenticationFilter  : Set SecurityContextHolder to anonymous SecurityContext
2026-03-23T10:54:45.379+05:30 DEBUG 16660 --- [user-service] [http-nio-8080-exec-9] o.s.security.web.FilterChainProxy        : Secured GET /api/users/31
2026-03-23T10:54:45.541+05:30 DEBUG 16660 --- [user-service] [http-nio-8080-exec-1] o.s.security.web.FilterChainProxy        : Securing GET /api/users/31
2026-03-23T10:54:45.541+05:30 DEBUG 16660 --- [user-service] [http-nio-8080-exec-1] o.s.s.w.a.AnonymousAuthenticationFilter  : Set SecurityContextHolder to anonymous SecurityContext
2026-03-23T10:54:45.541+05:30 DEBUG 16660 --- [user-service] [http-nio-8080-exec-1] o.s.security.web.FilterChainProxy        : Secured GET /api/users/31
2026-03-23T10:54:46.931+05:30 DEBUG 16660 --- [user-service] [http-nio-8080-exec-3] o.s.security.web.FilterChainProxy        : Securing GET /api/users/32
2026-03-23T10:54:46.931+05:30 DEBUG 16660 --- [user-service] [http-nio-8080-exec-3] o.s.s.w.a.AnonymousAuthenticationFilter  : Set SecurityContextHolder to anonymous SecurityContext
2026-03-23T10:54:46.935+05:30 DEBUG 16660 --- [user-service] [http-nio-8080-exec-3] o.s.security.web.FilterChainProxy        : Secured GET /api/users/32
2026-03-23T10:57:59.797+05:30  INFO 16660 --- [user-service] [AsyncResolver-bootstrap-executor-0] c.n.d.s.r.aws.ConfigClusterResolver      : Resolving eureka endpoints via configuration
2026-03-23T11:02:59.807+05:30  INFO 16660 --- [user-service] [AsyncResolver-bootstrap-executor-0] c.n.d.s.r.aws.ConfigClusterResolver      : Resolving eureka endpoints via configuration
2026-03-23T11:07:59.813+05:30  INFO 16660 --- [user-service] [AsyncResolver-bootstrap-executor-0] c.n.d.s.r.aws.ConfigClusterResolver      : Resolving eureka endpoints via configuration
2026-03-23T11:08:25.386+05:30 DEBUG 16660 --- [user-service] [http-nio-8080-exec-6] o.s.security.web.FilterChainProxy        : Securing POST /api/auth/login
2026-03-23T11:08:25.396+05:30 DEBUG 16660 --- [user-service] [http-nio-8080-exec-6] o.s.s.w.a.AnonymousAuthenticationFilter  : Set SecurityContextHolder to anonymous SecurityContext
2026-03-23T11:08:25.398+05:30 DEBUG 16660 --- [user-service] [http-nio-8080-exec-6] o.s.security.web.FilterChainProxy        : Secured POST /api/auth/login
2026-03-23T11:08:25.687+05:30 DEBUG 16660 --- [user-service] [http-nio-8080-exec-7] o.s.security.web.FilterChainProxy        : Securing GET /api/users/31
2026-03-23T11:08:25.687+05:30 DEBUG 16660 --- [user-service] [http-nio-8080-exec-7] o.s.s.w.a.AnonymousAuthenticationFilter  : Set SecurityContextHolder to anonymous SecurityContext
2026-03-23T11:08:25.687+05:30 DEBUG 16660 --- [user-service] [http-nio-8080-exec-7] o.s.security.web.FilterChainProxy        : Secured GET /api/users/31
2026-03-23T11:08:25.826+05:30 DEBUG 16660 --- [user-service] [http-nio-8080-exec-10] o.s.security.web.FilterChainProxy        : Securing GET /api/users/31
2026-03-23T11:08:25.826+05:30 DEBUG 16660 --- [user-service] [http-nio-8080-exec-10] o.s.s.w.a.AnonymousAuthenticationFilter  : Set SecurityContextHolder to anonymous SecurityContext
2026-03-23T11:08:25.828+05:30 DEBUG 16660 --- [user-service] [http-nio-8080-exec-10] o.s.security.web.FilterChainProxy        : Secured GET /api/users/31
2026-03-23T11:08:26.016+05:30 DEBUG 16660 --- [user-service] [http-nio-8080-exec-4] o.s.security.web.FilterChainProxy        : Securing GET /api/users/31
2026-03-23T11:08:26.019+05:30 DEBUG 16660 --- [user-service] [http-nio-8080-exec-4] o.s.s.w.a.AnonymousAuthenticationFilter  : Set SecurityContextHolder to anonymous SecurityContext
2026-03-23T11:08:26.021+05:30 DEBUG 16660 --- [user-service] [http-nio-8080-exec-4] o.s.security.web.FilterChainProxy        : Secured GET /api/users/31
2026-03-23T11:08:27.458+05:30 DEBUG 16660 --- [user-service] [http-nio-8080-exec-5] o.s.security.web.FilterChainProxy        : Securing GET /api/users/32
2026-03-23T11:08:27.458+05:30 DEBUG 16660 --- [user-service] [http-nio-8080-exec-5] o.s.s.w.a.AnonymousAuthenticationFilter  : Set SecurityContextHolder to anonymous SecurityContext
2026-03-23T11:08:27.465+05:30 DEBUG 16660 --- [user-service] [http-nio-8080-exec-5] o.s.security.web.FilterChainProxy        : Secured GET /api/users/32
2026-03-23T11:11:16.989+05:30 DEBUG 16660 --- [user-service] [http-nio-8080-exec-9] o.s.security.web.FilterChainProxy        : Securing POST /api/auth/login
2026-03-23T11:11:16.989+05:30 DEBUG 16660 --- [user-service] [http-nio-8080-exec-9] o.s.s.w.a.AnonymousAuthenticationFilter  : Set SecurityContextHolder to anonymous SecurityContext
2026-03-23T11:11:16.989+05:30 DEBUG 16660 --- [user-service] [http-nio-8080-exec-9] o.s.security.web.FilterChainProxy        : Secured POST /api/auth/login
2026-03-23T11:11:17.193+05:30 DEBUG 16660 --- [user-service] [http-nio-8080-exec-1] o.s.security.web.FilterChainProxy        : Securing GET /api/users/32
2026-03-23T11:11:17.194+05:30 DEBUG 16660 --- [user-service] [http-nio-8080-exec-1] o.s.s.w.a.AnonymousAuthenticationFilter  : Set SecurityContextHolder to anonymous SecurityContext
2026-03-23T11:11:17.195+05:30 DEBUG 16660 --- [user-service] [http-nio-8080-exec-1] o.s.security.web.FilterChainProxy        : Secured GET /api/users/32
2026-03-23T11:11:17.240+05:30 DEBUG 16660 --- [user-service] [http-nio-8080-exec-3] o.s.security.web.FilterChainProxy        : Securing GET /api/users/32
2026-03-23T11:11:17.242+05:30 DEBUG 16660 --- [user-service] [http-nio-8080-exec-3] o.s.s.w.a.AnonymousAuthenticationFilter  : Set SecurityContextHolder to anonymous SecurityContext
2026-03-23T11:11:17.244+05:30 DEBUG 16660 --- [user-service] [http-nio-8080-exec-3] o.s.security.web.FilterChainProxy        : Secured GET /api/users/32
2026-03-23T11:11:56.560+05:30 DEBUG 16660 --- [user-service] [http-nio-8080-exec-2] o.s.security.web.FilterChainProxy        : Securing GET /api/users/32
2026-03-23T11:11:56.563+05:30 DEBUG 16660 --- [user-service] [http-nio-8080-exec-2] o.s.s.w.a.AnonymousAuthenticationFilter  : Set SecurityContextHolder to anonymous SecurityContext
2026-03-23T11:11:56.566+05:30 DEBUG 16660 --- [user-service] [http-nio-8080-exec-2] o.s.security.web.FilterChainProxy        : Secured GET /api/users/32
2026-03-23T11:11:56.618+05:30 DEBUG 16660 --- [user-service] [http-nio-8080-exec-6] o.s.security.web.FilterChainProxy        : Securing GET /api/users/32
2026-03-23T11:11:56.621+05:30 DEBUG 16660 --- [user-service] [http-nio-8080-exec-6] o.s.s.w.a.AnonymousAuthenticationFilter  : Set SecurityContextHolder to anonymous SecurityContext
2026-03-23T11:11:56.623+05:30 DEBUG 16660 --- [user-service] [http-nio-8080-exec-6] o.s.security.web.FilterChainProxy        : Secured GET /api/users/32
2026-03-23T11:12:59.818+05:30  INFO 16660 --- [user-service] [AsyncResolver-bootstrap-executor-0] c.n.d.s.r.aws.ConfigClusterResolver      : Resolving eureka endpoints via configuration
2026-03-23T11:14:40.986+05:30 DEBUG 16660 --- [user-service] [http-nio-8080-exec-10] o.s.security.web.FilterChainProxy        : Securing GET /api/users/32
2026-03-23T11:14:40.988+05:30 DEBUG 16660 --- [user-service] [http-nio-8080-exec-10] o.s.s.w.a.AnonymousAuthenticationFilter  : Set SecurityContextHolder to anonymous SecurityContext
2026-03-23T11:14:40.991+05:30 DEBUG 16660 --- [user-service] [http-nio-8080-exec-10] o.s.security.web.FilterChainProxy        : Secured GET /api/users/32
2026-03-23T11:14:41.032+05:30 DEBUG 16660 --- [user-service] [http-nio-8080-exec-4] o.s.security.web.FilterChainProxy        : Securing GET /api/users/32
2026-03-23T11:14:41.032+05:30 DEBUG 16660 --- [user-service] [http-nio-8080-exec-4] o.s.s.w.a.AnonymousAuthenticationFilter  : Set SecurityContextHolder to anonymous SecurityContext
2026-03-23T11:14:41.039+05:30 DEBUG 16660 --- [user-service] [http-nio-8080-exec-4] o.s.security.web.FilterChainProxy        : Secured GET /api/users/32
2026-03-23T11:17:59.825+05:30  INFO 16660 --- [user-service] [AsyncResolver-bootstrap-executor-0] c.n.d.s.r.aws.ConfigClusterResolver      : Resolving eureka endpoints via configuration
2026-03-23T11:18:29.850+05:30 DEBUG 16660 --- [user-service] [http-nio-8080-exec-8] o.s.security.web.FilterChainProxy        : Securing GET /api/users/32
2026-03-23T11:18:29.852+05:30 DEBUG 16660 --- [user-service] [http-nio-8080-exec-8] o.s.s.w.a.AnonymousAuthenticationFilter  : Set SecurityContextHolder to anonymous SecurityContext
2026-03-23T11:18:29.855+05:30 DEBUG 16660 --- [user-service] [http-nio-8080-exec-8] o.s.security.web.FilterChainProxy        : Secured GET /api/users/32
2026-03-23T11:18:29.905+05:30 DEBUG 16660 --- [user-service] [http-nio-8080-exec-9] o.s.security.web.FilterChainProxy        : Securing GET /api/users/32
2026-03-23T11:18:29.910+05:30 DEBUG 16660 --- [user-service] [http-nio-8080-exec-9] o.s.s.w.a.AnonymousAuthenticationFilter  : Set SecurityContextHolder to anonymous SecurityContext
2026-03-23T11:18:29.916+05:30 DEBUG 16660 --- [user-service] [http-nio-8080-exec-9] o.s.security.web.FilterChainProxy        : Secured GET /api/users/32
2026-03-23T11:22:59.836+05:30  INFO 16660 --- [user-service] [AsyncResolver-bootstrap-executor-0] c.n.d.s.r.aws.ConfigClusterResolver      : Resolving eureka endpoints via configuration
2026-03-23T11:27:51.904+05:30 DEBUG 16660 --- [user-service] [http-nio-8080-exec-2] o.s.security.web.FilterChainProxy        : Securing POST /api/auth/login
2026-03-23T11:27:51.904+05:30 DEBUG 16660 --- [user-service] [http-nio-8080-exec-2] o.s.s.w.a.AnonymousAuthenticationFilter  : Set SecurityContextHolder to anonymous SecurityContext
2026-03-23T11:27:51.904+05:30 DEBUG 16660 --- [user-service] [http-nio-8080-exec-2] o.s.security.web.FilterChainProxy        : Secured POST /api/auth/login
2026-03-23T11:27:52.214+05:30 DEBUG 16660 --- [user-service] [http-nio-8080-exec-6] o.s.security.web.FilterChainProxy        : Securing GET /api/users/32
2026-03-23T11:27:52.214+05:30 DEBUG 16660 --- [user-service] [http-nio-8080-exec-6] o.s.s.w.a.AnonymousAuthenticationFilter  : Set SecurityContextHolder to anonymous SecurityContext
2026-03-23T11:27:52.216+05:30 DEBUG 16660 --- [user-service] [http-nio-8080-exec-6] o.s.security.web.FilterChainProxy        : Secured GET /api/users/32
2026-03-23T11:27:52.260+05:30 DEBUG 16660 --- [user-service] [http-nio-8080-exec-7] o.s.security.web.FilterChainProxy        : Securing GET /api/users/32
2026-03-23T11:27:52.261+05:30 DEBUG 16660 --- [user-service] [http-nio-8080-exec-7] o.s.s.w.a.AnonymousAuthenticationFilter  : Set SecurityContextHolder to anonymous SecurityContext
2026-03-23T11:27:52.263+05:30 DEBUG 16660 --- [user-service] [http-nio-8080-exec-7] o.s.security.web.FilterChainProxy        : Secured GET /api/users/32
2026-03-23T11:27:59.850+05:30  INFO 16660 --- [user-service] [AsyncResolver-bootstrap-executor-0] c.n.d.s.r.aws.ConfigClusterResolver      : Resolving eureka endpoints via configuration
2026-03-23T11:32:59.860+05:30  INFO 16660 --- [user-service] [AsyncResolver-bootstrap-executor-0] c.n.d.s.r.aws.ConfigClusterResolver      : Resolving eureka endpoints via configuration
2026-03-23T11:37:59.876+05:30  INFO 16660 --- [user-service] [AsyncResolver-bootstrap-executor-0] c.n.d.s.r.aws.ConfigClusterResolver      : Resolving eureka endpoints via configuration
2026-03-23T11:42:59.881+05:30  INFO 16660 --- [user-service] [AsyncResolver-bootstrap-executor-0] c.n.d.s.r.aws.ConfigClusterResolver      : Resolving eureka endpoints via configuration
2026-03-23T11:47:59.886+05:30  INFO 16660 --- [user-service] [AsyncResolver-bootstrap-executor-0] c.n.d.s.r.aws.ConfigClusterResolver      : Resolving eureka endpoints via configuration
2026-03-23T11:50:55.178+05:30 DEBUG 16660 --- [user-service] [http-nio-8080-exec-4] o.s.security.web.FilterChainProxy        : Securing POST /api/auth/login
2026-03-23T11:50:55.181+05:30 DEBUG 16660 --- [user-service] [http-nio-8080-exec-4] o.s.s.w.a.AnonymousAuthenticationFilter  : Set SecurityContextHolder to anonymous SecurityContext
2026-03-23T11:50:55.190+05:30 DEBUG 16660 --- [user-service] [http-nio-8080-exec-4] o.s.security.web.FilterChainProxy        : Secured POST /api/auth/login
2026-03-23T11:50:55.529+05:30 DEBUG 16660 --- [user-service] [http-nio-8080-exec-5] o.s.security.web.FilterChainProxy        : Securing GET /api/users/32
2026-03-23T11:50:55.529+05:30 DEBUG 16660 --- [user-service] [http-nio-8080-exec-5] o.s.s.w.a.AnonymousAuthenticationFilter  : Set SecurityContextHolder to anonymous SecurityContext
2026-03-23T11:50:55.535+05:30 DEBUG 16660 --- [user-service] [http-nio-8080-exec-5] o.s.security.web.FilterChainProxy        : Secured GET /api/users/32
2026-03-23T11:50:55.583+05:30 DEBUG 16660 --- [user-service] [http-nio-8080-exec-8] o.s.security.web.FilterChainProxy        : Securing GET /api/users/32
2026-03-23T11:50:55.585+05:30 DEBUG 16660 --- [user-service] [http-nio-8080-exec-8] o.s.s.w.a.AnonymousAuthenticationFilter  : Set SecurityContextHolder to anonymous SecurityContext
2026-03-23T11:50:55.588+05:30 DEBUG 16660 --- [user-service] [http-nio-8080-exec-8] o.s.security.web.FilterChainProxy        : Secured GET /api/users/32
2026-03-23T11:51:15.946+05:30 DEBUG 16660 --- [user-service] [http-nio-8080-exec-9] o.s.security.web.FilterChainProxy        : Securing GET /api/users/32
2026-03-23T11:51:15.948+05:30 DEBUG 16660 --- [user-service] [http-nio-8080-exec-9] o.s.s.w.a.AnonymousAuthenticationFilter  : Set SecurityContextHolder to anonymous SecurityContext
2026-03-23T11:51:15.948+05:30 DEBUG 16660 --- [user-service] [http-nio-8080-exec-9] o.s.security.web.FilterChainProxy        : Secured GET /api/users/32
2026-03-23T11:51:15.992+05:30 DEBUG 16660 --- [user-service] [http-nio-8080-exec-1] o.s.security.web.FilterChainProxy        : Securing GET /api/users/32
2026-03-23T11:51:15.996+05:30 DEBUG 16660 --- [user-service] [http-nio-8080-exec-1] o.s.s.w.a.AnonymousAuthenticationFilter  : Set SecurityContextHolder to anonymous SecurityContext
2026-03-23T11:51:16.000+05:30 DEBUG 16660 --- [user-service] [http-nio-8080-exec-1] o.s.security.web.FilterChainProxy        : Secured GET /api/users/32
2026-03-23T11:51:44.019+05:30 DEBUG 16660 --- [user-service] [http-nio-8080-exec-3] o.s.security.web.FilterChainProxy        : Securing GET /api/users/32
2026-03-23T11:51:44.019+05:30 DEBUG 16660 --- [user-service] [http-nio-8080-exec-3] o.s.s.w.a.AnonymousAuthenticationFilter  : Set SecurityContextHolder to anonymous SecurityContext
2026-03-23T11:51:44.021+05:30 DEBUG 16660 --- [user-service] [http-nio-8080-exec-3] o.s.security.web.FilterChainProxy        : Secured GET /api/users/32
2026-03-23T11:51:44.070+05:30 DEBUG 16660 --- [user-service] [http-nio-8080-exec-2] o.s.security.web.FilterChainProxy        : Securing GET /api/users/32
2026-03-23T11:51:44.070+05:30 DEBUG 16660 --- [user-service] [http-nio-8080-exec-2] o.s.s.w.a.AnonymousAuthenticationFilter  : Set SecurityContextHolder to anonymous SecurityContext
2026-03-23T11:51:44.072+05:30 DEBUG 16660 --- [user-service] [http-nio-8080-exec-2] o.s.security.web.FilterChainProxy        : Secured GET /api/users/32
2026-03-23T11:52:59.893+05:30  INFO 16660 --- [user-service] [AsyncResolver-bootstrap-executor-0] c.n.d.s.r.aws.ConfigClusterResolver      : Resolving eureka endpoints via configuration
2026-03-23T11:57:59.908+05:30  INFO 16660 --- [user-service] [AsyncResolver-bootstrap-executor-0] c.n.d.s.r.aws.ConfigClusterResolver      : Resolving eureka endpoints via configuration
2026-03-23T12:02:59.932+05:30  INFO 16660 --- [user-service] [AsyncResolver-bootstrap-executor-0] c.n.d.s.r.aws.ConfigClusterResolver      : Resolving eureka endpoints via configuration
2026-03-23T12:07:59.943+05:30  INFO 16660 --- [user-service] [AsyncResolver-bootstrap-executor-0] c.n.d.s.r.aws.ConfigClusterResolver      : Resolving eureka endpoints via configuration
2026-03-23T12:12:59.958+05:30  INFO 16660 --- [user-service] [AsyncResolver-bootstrap-executor-0] c.n.d.s.r.aws.ConfigClusterResolver      : Resolving eureka endpoints via configuration
2026-03-23T12:17:59.971+05:30  INFO 16660 --- [user-service] [AsyncResolver-bootstrap-executor-0] c.n.d.s.r.aws.ConfigClusterResolver      : Resolving eureka endpoints via configuration
2026-03-23T12:22:59.987+05:30  INFO 16660 --- [user-service] [AsyncResolver-bootstrap-executor-0] c.n.d.s.r.aws.ConfigClusterResolver      : Resolving eureka endpoints via configuration
2026-03-23T12:28:00.001+05:30  INFO 16660 --- [user-service] [AsyncResolver-bootstrap-executor-0] c.n.d.s.r.aws.ConfigClusterResolver      : Resolving eureka endpoints via configuration
2026-03-23T12:33:00.017+05:30  INFO 16660 --- [user-service] [AsyncResolver-bootstrap-executor-0] c.n.d.s.r.aws.ConfigClusterResolver      : Resolving eureka endpoints via configuration
2026-03-23T12:38:00.024+05:30  INFO 16660 --- [user-service] [AsyncResolver-bootstrap-executor-0] c.n.d.s.r.aws.ConfigClusterResolver      : Resolving eureka endpoints via configuration
2026-03-23T12:43:00.040+05:30  INFO 16660 --- [user-service] [AsyncResolver-bootstrap-executor-0] c.n.d.s.r.aws.ConfigClusterResolver      : Resolving eureka endpoints via configuration
2026-03-23T12:48:00.046+05:30  INFO 16660 --- [user-service] [AsyncResolver-bootstrap-executor-0] c.n.d.s.r.aws.ConfigClusterResolver      : Resolving eureka endpoints via configuration
2026-03-23T12:53:00.053+05:30  INFO 16660 --- [user-service] [AsyncResolver-bootstrap-executor-0] c.n.d.s.r.aws.ConfigClusterResolver      : Resolving eureka endpoints via configuration
2026-03-23T12:58:00.055+05:30  INFO 16660 --- [user-service] [AsyncResolver-bootstrap-executor-0] c.n.d.s.r.aws.ConfigClusterResolver      : Resolving eureka endpoints via configuration
2026-03-23T13:03:00.064+05:30  INFO 16660 --- [user-service] [AsyncResolver-bootstrap-executor-0] c.n.d.s.r.aws.ConfigClusterResolver      : Resolving eureka endpoints via configuration
2026-03-23T13:08:00.073+05:30  INFO 16660 --- [user-service] [AsyncResolver-bootstrap-executor-0] c.n.d.s.r.aws.ConfigClusterResolver      : Resolving eureka endpoints via configuration
2026-03-23T13:13:00.093+05:30  INFO 16660 --- [user-service] [AsyncResolver-bootstrap-executor-0] c.n.d.s.r.aws.ConfigClusterResolver      : Resolving eureka endpoints via configuration
2026-03-23T13:18:00.104+05:30  INFO 16660 --- [user-service] [AsyncResolver-bootstrap-executor-0] c.n.d.s.r.aws.ConfigClusterResolver      : Resolving eureka endpoints via configuration
2026-03-23T13:23:00.112+05:30  INFO 16660 --- [user-service] [AsyncResolver-bootstrap-executor-0] c.n.d.s.r.aws.ConfigClusterResolver      : Resolving eureka endpoints via configuration
2026-03-23T13:28:00.116+05:30  INFO 16660 --- [user-service] [AsyncResolver-bootstrap-executor-0] c.n.d.s.r.aws.ConfigClusterResolver      : Resolving eureka endpoints via configuration
2026-03-23T13:33:00.129+05:30  INFO 16660 --- [user-service] [AsyncResolver-bootstrap-executor-0] c.n.d.s.r.aws.ConfigClusterResolver      : Resolving eureka endpoints via configuration
2026-03-23T13:38:00.145+05:30  INFO 16660 --- [user-service] [AsyncResolver-bootstrap-executor-0] c.n.d.s.r.aws.ConfigClusterResolver      : Resolving eureka endpoints via configuration
2026-03-23T13:43:00.162+05:30  INFO 16660 --- [user-service] [AsyncResolver-bootstrap-executor-0] c.n.d.s.r.aws.ConfigClusterResolver      : Resolving eureka endpoints via configuration
2026-03-23T13:48:00.173+05:30  INFO 16660 --- [user-service] [AsyncResolver-bootstrap-executor-0] c.n.d.s.r.aws.ConfigClusterResolver      : Resolving eureka endpoints via configuration
2026-03-23T13:53:00.187+05:30  INFO 16660 --- [user-service] [AsyncResolver-bootstrap-executor-0] c.n.d.s.r.aws.ConfigClusterResolver      : Resolving eureka endpoints via configuration
2026-03-23T13:58:00.194+05:30  INFO 16660 --- [user-service] [AsyncResolver-bootstrap-executor-0] c.n.d.s.r.aws.ConfigClusterResolver      : Resolving eureka endpoints via configuration
2026-03-23T14:03:00.202+05:30  INFO 16660 --- [user-service] [AsyncResolver-bootstrap-executor-0] c.n.d.s.r.aws.ConfigClusterResolver      : Resolving eureka endpoints via configuration
